<html>
<body>
<pre>
<h1>µVision Build Log</h1>
<h2>Tool Versions:</h2>
IDE-Version: ¦ÌVision V5.21.1.0
Copyright (C) 2016 ARM Ltd and ARM Germany GmbH. All rights reserved.
License Information: sds aaa, sdsdsd, LIC=47GU5-GEUPY-GK9BG-V2MDD-2EWB3-L8HMR
 
Tool Versions:
Toolchain:       MDK-ARM Plus  Version: 5.21a
Toolchain Path:  d:\Keil_v5\ARM\ARMCC\Bin
C Compiler:      Armcc.exe V5.06 update 3 (build 300)
Assembler:       Armasm.exe V5.06 update 3 (build 300)
Linker/Locator:  ArmLink.exe V5.06 update 3 (build 300)
Library Manager: ArmAr.exe V5.06 update 3 (build 300)
Hex Converter:   FromElf.exe V5.06 update 3 (build 300)
CPU DLL:         SARMCM3.DLL V5.21a
Dialog DLL:      DCM.DLL V1.13.8.0
Target DLL:      UL2CM3.DLL V1.158.5.0
Dialog DLL:      TCM.DLL V1.14.14.0
 
<h2>Project:</h2>
C:\Users\aaa\Desktop\STM32_LED\USER\LED.uvprojx
Project File Date:  04/08/2021

<h2>Output:</h2>
*** Using Compiler 'V5.06 update 3 (build 300)', folder: 'd:\Keil_v5\ARM\ARMCC\Bin'
Rebuild target 'LED'
compiling main.c...
compiling stm32f7xx_hal_msp.c...
compiling stm32f7xx_it.c...
compiling system_stm32f7xx.c...
compiling led.c...
compiling key.c...
compiling exti.c...
compiling usart1.c...
compiling iwdog.c...
compiling delay.c...
compiling tim.c...
compiling wwdog.c...
compiling stm32f7xx_hal.c...
compiling stm32f7xx_hal_adc.c...
compiling sys.c...
compiling stm32f7xx_hal_cec.c...
compiling stm32f7xx_hal_can.c...
compiling stm32f7xx_hal_adc_ex.c...
compiling stm32f7xx_hal_crc.c...
compiling stm32f7xx_hal_crc_ex.c...
compiling stm32f7xx_hal_cortex.c...
compiling stm32f7xx_hal_dac.c...
compiling stm32f7xx_hal_cryp_ex.c...
compiling stm32f7xx_hal_cryp.c...
compiling stm32f7xx_hal_dcmi.c...
compiling stm32f7xx_hal_dac_ex.c...
compiling stm32f7xx_hal_dcmi_ex.c...
compiling stm32f7xx_hal_dma.c...
compiling stm32f7xx_hal_dma_ex.c...
compiling stm32f7xx_hal_dfsdm.c...
compiling stm32f7xx_hal_dsi.c...
compiling stm32f7xx_hal_eth.c...
compiling stm32f7xx_hal_dma2d.c...
compiling stm32f7xx_hal_flash.c...
compiling stm32f7xx_hal_gpio.c...
compiling stm32f7xx_hal_flash_ex.c...
compiling stm32f7xx_hal_hash_ex.c...
compiling stm32f7xx_hal_hash.c...
compiling stm32f7xx_hal_hcd.c...
compiling stm32f7xx_hal_i2c_ex.c...
compiling stm32f7xx_hal_i2s.c...
compiling stm32f7xx_hal_i2c.c...
compiling stm32f7xx_hal_iwdg.c...
compiling stm32f7xx_hal_irda.c...
compiling stm32f7xx_hal_jpeg.c...
compiling stm32f7xx_hal_lptim.c...
compiling stm32f7xx_hal_ltdc_ex.c...
compiling stm32f7xx_hal_ltdc.c...
compiling stm32f7xx_hal_mdios.c...
compiling stm32f7xx_hal_nand.c...
compiling stm32f7xx_hal_nor.c...
compiling stm32f7xx_hal_pwr.c...
compiling stm32f7xx_hal_pcd_ex.c...
compiling stm32f7xx_hal_pcd.c...
compiling stm32f7xx_hal_pwr_ex.c...
compiling stm32f7xx_hal_qspi.c...
compiling stm32f7xx_hal_rcc.c...
compiling stm32f7xx_hal_rng.c...
compiling stm32f7xx_hal_rtc.c...
compiling stm32f7xx_hal_rcc_ex.c...
compiling stm32f7xx_hal_sai.c...
compiling stm32f7xx_hal_sai_ex.c...
compiling stm32f7xx_hal_rtc_ex.c...
compiling stm32f7xx_hal_smartcard.c...
compiling stm32f7xx_hal_sdram.c...
compiling stm32f7xx_hal_sd.c...
compiling stm32f7xx_hal_smartcard_ex.c...
compiling stm32f7xx_hal_spdifrx.c...
compiling stm32f7xx_hal_spi.c...
compiling stm32f7xx_hal_tim_ex.c...
compiling stm32f7xx_hal_sram.c...
compiling stm32f7xx_hal_tim.c...
compiling stm32f7xx_hal_wwdg.c...
compiling stm32f7xx_hal_uart.c...
compiling stm32f7xx_hal_usart.c...
compiling stm32f7xx_ll_sdmmc.c...
compiling stm32f7xx_ll_fmc.c...
assembling startup_stm32f767xx.s...
compiling stm32f7xx_ll_usb.c...
linking...
Program Size: Code=8494 RO-data=562 RW-data=24 ZI-data=1968  
FromELF: creating hex file...
"..\OBJ\LED.axf" - 0 Error(s), 0 Warning(s).

<h2>Collection of Component include folders:</h2>
  C:\Users\aaa\Desktop\STM32_LED\USER\RTE
  d:\Keil_v5\ARM\PACK\Keil\STM32F7xx_DFP\2.12.0\Drivers\CMSIS\Device\ST\STM32F7xx\Include

<h2>Collection of Component Files used:</h2>
Build Time Elapsed:  00:01:40
</pre>
</body>
</html>
