<html>
<body>
<pre>
<h1>µVision Build Log</h1>
<h2>Tool Versions:</h2>
IDE-Version: ¦ÌVision V5.21.1.0
Copyright (C) 2016 ARM Ltd and ARM Germany GmbH. All rights reserved.
License Information: sds aaa, sdsdsd, LIC=47GU5-GEUPY-GK9BG-V2MDD-2EWB3-L8HMR
 
Tool Versions:
Toolchain:       MDK-ARM Plus  Version: 5.21a
Toolchain Path:  d:\Keil_v5\ARM\ARMCC\Bin
C Compiler:      Armcc.exe V5.06 update 3 (build 300)
Assembler:       Armasm.exe V5.06 update 3 (build 300)
Linker/Locator:  ArmLink.exe V5.06 update 3 (build 300)
Library Manager: ArmAr.exe V5.06 update 3 (build 300)
Hex Converter:   FromElf.exe V5.06 update 3 (build 300)
CPU DLL:         SARMCM3.DLL V5.21a
Dialog DLL:      DCM.DLL V1.13.8.0
Target DLL:      UL2CM3.DLL V1.158.5.0
Dialog DLL:      TCM.DLL V1.14.14.0
 
<h2>Project:</h2>
C:\Users\aaa\Desktop\STM32_LED\USER\LED.uvprojx
Project File Date:  05/22/2021

<h2>Output:</h2>
*** Using Compiler 'V5.06 update 3 (build 300)', folder: 'd:\Keil_v5\ARM\ARMCC\Bin'
Build target 'LED'
compiling main.c...
linking...
Program Size: Code=17082 RO-data=738 RW-data=40 ZI-data=2192  
FromELF: creating hex file...
"..\OBJ\LED.axf" - 0 Error(s), 0 Warning(s).

<h2>Collection of Component include folders:</h2>
  C:\Users\aaa\Desktop\STM32_LED\USER\RTE
  d:\Keil_v5\ARM\PACK\Keil\STM32F7xx_DFP\2.12.0\Drivers\CMSIS\Device\ST\STM32F7xx\Include

<h2>Collection of Component Files used:</h2>
Build Time Elapsed:  00:00:04
</pre>
</body>
</html>
